// Jest Snapshot v1, https://goo.gl/fbAQLP

exports[`<NoProvider /> matches snapshot 1`] = `
<Styled(MuiBox)>
  <WithStyles(ForwardRef(Grid))
    alignItems="center"
    container={true}
  >
    <Memo(ForwardRef(WarningIcon)) />
    <b>
      You are not connected to your network.
    </b>
  </WithStyles(ForwardRef(Grid))>
  <WithStyles(ForwardRef(Grid))
    alignItems="center"
    container={true}
  >
    <div
      className="icon"
    />
    <p>
      If you need help, we recommend MetaMask to connect, see
      <WithStyles(ForwardRef(Link))
        href="https://www.metamask.io"
        target="_blank"
        title="Access MetaMask page"
      >
        www.metamask.io
      </WithStyles(ForwardRef(Link))>
    </p>
  </WithStyles(ForwardRef(Grid))>
</Styled(MuiBox)>
`;
