// Jest Snapshot v1, https://goo.gl/fbAQLP

exports[`<NoProvider /> matches snapshot 1`] = `
<Styled(MuiBox)>
  <WithStyles(ForwardRef(Grid))
    alignItems="center"
    container={true}
  >
    <Memo(ForwardRef(WarningIcon)) />
    <WithStyles(ForwardRef(Typography))
      color="error"
      variant="body1"
    >
      You are not connected to your network.
    </WithStyles(ForwardRef(Typography))>
  </WithStyles(ForwardRef(Grid))>
  <WithStyles(ForwardRef(Grid))
    alignItems="center"
    container={true}
  >
    <WithStyles(ForwardRef(Typography))
      variant="body1"
    >
      If you need help, we recommend MetaMask to connect: 
    </WithStyles(ForwardRef(Typography))>
    <WithStyles(ForwardRef(Typography))
      variant="body1"
    >
      <WithStyles(ForwardRef(Link))
        href="https://www.metamask.io"
        target="_blank"
        title="MetaMask.io"
      >
        https://www.metamask.io
      </WithStyles(ForwardRef(Link))>
    </WithStyles(ForwardRef(Typography))>
  </WithStyles(ForwardRef(Grid))>
</Styled(MuiBox)>
`;
