// Jest Snapshot v1, https://goo.gl/fbAQLP

exports[`<WrongNetwork /> error message matches snapshot 1`] = `
<Styled(MuiBox)>
  <WithStyles(ForwardRef(Grid))
    alignItems="center"
    container={true}
  >
    <Memo(ForwardRef(WarningIcon)) />
    <b>
      Connect to the network where the contracts are deployed.
    </b>
  </WithStyles(ForwardRef(Grid))>
  <WithStyles(ForwardRef(Grid))
    alignItems="center"
    container={true}
  >
    <div
      className="wrongNetworkMessage"
    >
      <p>
        Change your network using MetaMask.
         You're currently on unknown network of id 7.
      </p>
    </div>
  </WithStyles(ForwardRef(Grid))>
</Styled(MuiBox)>
`;
